
**** Build of configuration Nios II for project simple_socket ****

make mem_init_generate 
      2 [main] sh 13980 find_fast_cwd: WARNING: Couldn't compute FAST_CWD pointer.  Please report this problem to
the public mailing list cygwin@cygwin.com
      1 [main] sh 1040 find_fast_cwd: WARNING: Couldn't compute FAST_CWD pointer.  Please report this problem to
the public mailing list cygwin@cygwin.com
      1 [main] echo 6828 find_fast_cwd: WARNING: Couldn't compute FAST_CWD pointer.  Please report this problem to
the public mailing list cygwin@cygwin.com
Info: Building ../simple_socket_bsp/
make --no-print-directory -C ../simple_socket_bsp/
      4 [main] pwd 2780 find_fast_cwd: WARNING: Couldn't compute FAST_CWD pointer.  Please report this problem to
the public mailing list cygwin@cygwin.com
      1 [main] sh 12668 find_fast_cwd: WARNING: Couldn't compute FAST_CWD pointer.  Please report this problem to
the public mailing list cygwin@cygwin.com
makefile:758: Warning: SOPC File J:/Altera/13.0sp1/projects/DE2_CD/DE2_demonstrations_Qsys/DE2_NET/system_0.sopcinfo could not be found.
      1 [main] sh 10572 find_fast_cwd: WARNING: Couldn't compute FAST_CWD pointer.  Please report this problem to
the public mailing list cygwin@cygwin.com
[BSP build complete]
      2 [main] true 2820 find_fast_cwd: WARNING: Couldn't compute FAST_CWD pointer.  Please report this problem to
the public mailing list cygwin@cygwin.com
      1 [main] echo 3376 find_fast_cwd: WARNING: Couldn't compute FAST_CWD pointer.  Please report this problem to
Post-processing to create mem_init/hdl_sim/system_0_epcs_controller_boot_rom.hex...
the public mailing list cygwin@cygwin.com
      1 [main] mkdir 7412 find_fast_cwd: WARNING: Couldn't compute FAST_CWD pointer.  Please report this problem to
the public mailing list cygwin@cygwin.com
bash -c 'elf2hex simple_socket.elf 0x01a81800 0x01a81fff --width=32 \
		--little-endian-mem --create-lanes=0 --no-zero-fill mem_init/hdl_sim/system_0_epcs_controller_boot_rom.hex'
      1 [main] bash 7456 find_fast_cwd: WARNING: Couldn't compute FAST_CWD pointer.  Please report this problem to
the public mailing list cygwin@cygwin.com
      1 [main] echo 14524 find_fast_cwd: WARNING: Couldn't compute FAST_CWD pointer.  Please report this problem to
Post-processing to create cfi_flash_0.flash...
the public mailing list cygwin@cygwin.com
      1 [main] mkdir 15172 find_fast_cwd: WARNING: Couldn't compute FAST_CWD pointer.  Please report this problem to
the public mailing list cygwin@cygwin.com
bash -c 'elf2flash --input=simple_socket.elf --outfile=cfi_flash_0.flash --sim_optimize=0 --little-endian-mem \
		--base=0x01400000 --end=0x017fffff --reset=0x01400000  --boot="C:/altera/13.0sp1/nios2eds/components/altera_nios2/boot_loader_cfi.srec"'
      1 [main] bash 9332 find_fast_cwd: WARNING: Couldn't compute FAST_CWD pointer.  Please report this problem to
the public mailing list cygwin@cygwin.com
      1 [main] echo 5244 find_fast_cwd: WARNING: Couldn't compute FAST_CWD pointer.  Please report this problem to
the public mailing list cygwin@cygwin.com
Post-processing to create mem_init/hdl_sim/cfi_flash_0.dat...
mkdir -p -p mem_init/hdl_sim
      1 [main] mkdir 15380 find_fast_cwd: WARNING: Couldn't compute FAST_CWD pointer.  Please report this problem to
the public mailing list cygwin@cygwin.com
bash -c 'flash2dat --infile=cfi_flash_0.flash --outfile=mem_init/hdl_sim/cfi_flash_0.dat \
		--base=0x01400000 --end=0x017fffff --width=8 \
		--create-lanes=0  '
      1 [main] bash 9112 find_fast_cwd: WARNING: Couldn't compute FAST_CWD pointer.  Please report this problem to
the public mailing list cygwin@cygwin.com
      1 [main] echo 5288 find_fast_cwd: WARNING: Couldn't compute FAST_CWD pointer.  Please report this problem to
Post-processing to create system_0_epcs_controller_boot_rom.flash...
the public mailing list cygwin@cygwin.com
      1 [main] mkdir 10276 find_fast_cwd: WARNING: Couldn't compute FAST_CWD pointer.  Please report this problem to
the public mailing list cygwin@cygwin.com
bash -c 'elf2flash --input=simple_socket.elf --outfile=system_0_epcs_controller_boot_rom.flash --sim_optimize=0 --little-endian-mem \
		 --epcs '
      1 [main] bash 3528 find_fast_cwd: WARNING: Couldn't compute FAST_CWD pointer.  Please report this problem to
the public mailing list cygwin@cygwin.com
      1 [main] echo 5752 find_fast_cwd: WARNING: Couldn't compute FAST_CWD pointer.  Please report this problem to
Post-processing to create mem_init/hdl_sim/system_0_epcs_controller_boot_rom.dat...
the public mailing list cygwin@cygwin.com
mkdir -p -p mem_init/hdl_sim
     28 [main] mkdir 5548 find_fast_cwd: WARNING: Couldn't compute FAST_CWD pointer.  Please report this problem to
the public mailing list cygwin@cygwin.com
bash -c 'flash2dat --infile=system_0_epcs_controller_boot_rom.flash --outfile=mem_init/hdl_sim/system_0_epcs_controller_boot_rom.dat \
		--base=0x01a81800 --end=0x01a81fff --width=32 \
		--create-lanes=0  '
      1 [main] bash 232 find_fast_cwd: WARNING: Couldn't compute FAST_CWD pointer.  Please report this problem to
the public mailing list cygwin@cygwin.com
      1 [main] echo 1580 find_fast_cwd: WARNING: Couldn't compute FAST_CWD pointer.  Please report this problem to
the public mailing list cygwin@cygwin.com
Post-processing to create mem_init/hdl_sim/sdram_0.dat...
      1 [main] mkdir 7912 find_fast_cwd: WARNING: Couldn't compute FAST_CWD pointer.  Please report this problem to
the public mailing list cygwin@cygwin.com
bash -c 'elf2dat --infile=simple_socket.elf --outfile=mem_init/hdl_sim/sdram_0.dat \
		--base=0x00800000 --end=0x00ffffff --width=16 \
		--little-endian-mem --create-lanes=0 '
      1 [main] bash 1248 find_fast_cwd: WARNING: Couldn't compute FAST_CWD pointer.  Please report this problem to
the public mailing list cygwin@cygwin.com
      1 [main] echo 16296 find_fast_cwd: WARNING: Couldn't compute FAST_CWD pointer.  Please report this problem to
Post-processing to create mem_init/hdl_sim/cfi_flash_0.sym...
the public mailing list cygwin@cygwin.com
      1 [main] mkdir 15976 find_fast_cwd: WARNING: Couldn't compute FAST_CWD pointer.  Please report this problem to
the public mailing list cygwin@cygwin.com
nios2-elf-nm -n simple_socket.elf > mem_init/hdl_sim/cfi_flash_0.sym
      1 [main] sh 15660 find_fast_cwd: WARNING: Couldn't compute FAST_CWD pointer.  Please report this problem to
the public mailing list cygwin@cygwin.com
      1 [main] echo 10556 find_fast_cwd: WARNING: Couldn't compute FAST_CWD pointer.  Please report this problem to
Post-processing to create mem_init/hdl_sim/system_0_epcs_controller_boot_rom.sym...
the public mailing list cygwin@cygwin.com
      1 [main] mkdir 6496 find_fast_cwd: WARNING: Couldn't compute FAST_CWD pointer.  Please report this problem to
the public mailing list cygwin@cygwin.com
nios2-elf-nm -n simple_socket.elf > mem_init/hdl_sim/system_0_epcs_controller_boot_rom.sym
      1 [main] sh 10692 find_fast_cwd: WARNING: Couldn't compute FAST_CWD pointer.  Please report this problem to
the public mailing list cygwin@cygwin.com
      1 [main] echo 12268 find_fast_cwd: WARNING: Couldn't compute FAST_CWD pointer.  Please report this problem to
Post-processing to create mem_init/hdl_sim/sdram_0.sym...
the public mailing list cygwin@cygwin.com
      1 [main] mkdir 5720 find_fast_cwd: WARNING: Couldn't compute FAST_CWD pointer.  Please report this problem to
the public mailing list cygwin@cygwin.com
nios2-elf-nm -n simple_socket.elf > mem_init/hdl_sim/sdram_0.sym
    584 [main] sh 9824 find_fast_cwd: WARNING: Couldn't compute FAST_CWD pointer.  Please report this problem to
the public mailing list cygwin@cygwin.com

**** Build Finished ****

**** Build of configuration Nios II for project simple_socket ****

make all 
      1 [main] sh 10204 find_fast_cwd: WARNING: Couldn't compute FAST_CWD pointer.  Please report this problem to
the public mailing list cygwin@cygwin.com
      1 [main] sh 8592 find_fast_cwd: WARNING: Couldn't compute FAST_CWD pointer.  Please report this problem to
the public mailing list cygwin@cygwin.com
      2 [main] echo 8176 find_fast_cwd: WARNING: Couldn't compute FAST_CWD pointer.  Please report this problem to
Info: Building ../simple_socket_bsp/
the public mailing list cygwin@cygwin.com
make --no-print-directory -C ../simple_socket_bsp/
      1 [main] pwd 9780 find_fast_cwd: WARNING: Couldn't compute FAST_CWD pointer.  Please report this problem to
the public mailing list cygwin@cygwin.com
    981 [main] sh 7888 find_fast_cwd: WARNING: Couldn't compute FAST_CWD pointer.  Please report this problem to
the public mailing list cygwin@cygwin.com
makefile:758: Warning: SOPC File J:/Altera/13.0sp1/projects/DE2_CD/DE2_demonstrations_Qsys/DE2_NET/system_0.sopcinfo could not be found.
      1 [main] sh 4000 find_fast_cwd: WARNING: Couldn't compute FAST_CWD pointer.  Please report this problem to
the public mailing list cygwin@cygwin.com
[BSP build complete]
      1 [main] true 10724 find_fast_cwd: WARNING: Couldn't compute FAST_CWD pointer.  Please report this problem to
the public mailing list cygwin@cygwin.com
      1 [main] sh 8600 find_fast_cwd: WARNING: Couldn't compute FAST_CWD pointer.  Please report this problem to
the public mailing list cygwin@cygwin.com
[simple_socket build complete]

**** Build Finished ****

**** Build of configuration Nios II for project simple_socket ****

make all 
      1 [main] sh 3528 find_fast_cwd: WARNING: Couldn't compute FAST_CWD pointer.  Please report this problem to
the public mailing list cygwin@cygwin.com
      1 [main] sh 15644 find_fast_cwd: WARNING: Couldn't compute FAST_CWD pointer.  Please report this problem to
the public mailing list cygwin@cygwin.com
      1 [main] echo 10356 find_fast_cwd: WARNING: Couldn't compute FAST_CWD pointer.  Please report this problem to
Info: Building ../simple_socket_bsp/
the public mailing list cygwin@cygwin.com
make --no-print-directory -C ../simple_socket_bsp/
      2 [main] pwd 13280 find_fast_cwd: WARNING: Couldn't compute FAST_CWD pointer.  Please report this problem to
the public mailing list cygwin@cygwin.com
      1 [main] sh 13444 find_fast_cwd: WARNING: Couldn't compute FAST_CWD pointer.  Please report this problem to
the public mailing list cygwin@cygwin.com
makefile:758: Warning: SOPC File J:/Altera/13.0sp1/projects/DE2_CD/DE2_demonstrations_Qsys/DE2_NET/system_0.sopcinfo could not be found.
      1 [main] sh 12384 find_fast_cwd: WARNING: Couldn't compute FAST_CWD pointer.  Please report this problem to
the public mailing list cygwin@cygwin.com
[BSP build complete]
      1 [main] true 5756 find_fast_cwd: WARNING: Couldn't compute FAST_CWD pointer.  Please report this problem to
the public mailing list cygwin@cygwin.com
      1 [main] sh 6068 find_fast_cwd: WARNING: Couldn't compute FAST_CWD pointer.  Please report this problem to
the public mailing list cygwin@cygwin.com
[simple_socket build complete]

**** Build Finished ****

**** Build of configuration Nios II for project simple_socket ****

make all 
      1 [main] sh 11676 find_fast_cwd: WARNING: Couldn't compute FAST_CWD pointer.  Please report this problem to
the public mailing list cygwin@cygwin.com
   1086 [main] sh 14556 find_fast_cwd: WARNING: Couldn't compute FAST_CWD pointer.  Please report this problem to
the public mailing list cygwin@cygwin.com
      1 [main] echo 9332 find_fast_cwd: WARNING: Couldn't compute FAST_CWD pointer.  Please report this problem to
the public mailing list cygwin@cygwin.com
Info: Building ../simple_socket_bsp/
make --no-print-directory -C ../simple_socket_bsp/
      1 [main] pwd 10476 find_fast_cwd: WARNING: Couldn't compute FAST_CWD pointer.  Please report this problem to
the public mailing list cygwin@cygwin.com
      1 [main] sh 13496 find_fast_cwd: WARNING: Couldn't compute FAST_CWD pointer.  Please report this problem to
the public mailing list cygwin@cygwin.com
makefile:758: Warning: SOPC File J:/Altera/13.0sp1/projects/DE2_CD/DE2_demonstrations_Qsys/DE2_NET/system_0.sopcinfo could not be found.
      1 [main] sh 2736 find_fast_cwd: WARNING: Couldn't compute FAST_CWD pointer.  Please report this problem to
the public mailing list cygwin@cygwin.com
[BSP build complete]
      1 [main] true 6580 find_fast_cwd: WARNING: Couldn't compute FAST_CWD pointer.  Please report this problem to
the public mailing list cygwin@cygwin.com
      1 [main] sh 16016 find_fast_cwd: WARNING: Couldn't compute FAST_CWD pointer.  Please report this problem to
the public mailing list cygwin@cygwin.com
[simple_socket build complete]

**** Build Finished ****

**** Build of configuration Nios II for project simple_socket ****

make all 
      2 [main] sh 12280 find_fast_cwd: WARNING: Couldn't compute FAST_CWD pointer.  Please report this problem to
the public mailing list cygwin@cygwin.com
      1 [main] sh 10956 find_fast_cwd: WARNING: Couldn't compute FAST_CWD pointer.  Please report this problem to
the public mailing list cygwin@cygwin.com
      1 [main] echo 12028 find_fast_cwd: WARNING: Couldn't compute FAST_CWD pointer.  Please report this problem to
Info: Building ../simple_socket_bsp/
the public mailing list cygwin@cygwin.com
make --no-print-directory -C ../simple_socket_bsp/
      1 [main] pwd 9228 find_fast_cwd: WARNING: Couldn't compute FAST_CWD pointer.  Please report this problem to
the public mailing list cygwin@cygwin.com
      1 [main] sh 12832 find_fast_cwd: WARNING: Couldn't compute FAST_CWD pointer.  Please report this problem to
the public mailing list cygwin@cygwin.com
makefile:758: Warning: SOPC File J:/Altera/13.0sp1/projects/DE2_CD/DE2_demonstrations_Qsys/DE2_NET/system_0.sopcinfo could not be found.
      1 [main] sh 3612 find_fast_cwd: WARNING: Couldn't compute FAST_CWD pointer.  Please report this problem to
the public mailing list cygwin@cygwin.com
[BSP build complete]
      1 [main] true 1308 find_fast_cwd: WARNING: Couldn't compute FAST_CWD pointer.  Please report this problem to
the public mailing list cygwin@cygwin.com
      1 [main] sh 8100 find_fast_cwd: WARNING: Couldn't compute FAST_CWD pointer.  Please report this problem to
the public mailing list cygwin@cygwin.com
[simple_socket build complete]

**** Build Finished ****
